Info: Starting: Create simulation model
Info: qsys-generate C:\vhdl_projects\PLL_example\mypll.qsys --simulation=VHDL --allow-mixed-language-simulation --output-directory=C:\vhdl_projects\PLL_example\mypll\simulation --family="Cyclone IV E" --part=EP4CE115F29C7
Progress: Loading PLL_example/mypll.qsys
Progress: Reading input file
Progress: Adding altclkctrl_0 [altclkctrl 20.1]
Progress: Parameterizing module altclkctrl_0
Progress: Building connections
Progress: Parameterizing connections
Progress: Validating
Progress: Done reading input file
: mypll.altclkctrl_0: Targeting device family: Cyclone IV E.
: mypll.altclkctrl_0: Global clock network allows a clock signal to reach all parts of the chip with the same amount of skew. Input port 'clkselect' can be used to switch between four clock inputs.
Info: mypll: Generating mypll "mypll" for SIM_VHDL
Info: altclkctrl_0: Generating top-level entity mypll_altclkctrl_0.
Info: altclkctrl_0: "mypll" instantiated altclkctrl "altclkctrl_0"
Info: mypll: Done "mypll" with 2 modules, 2 files
Info: qsys-generate succeeded.
Info: Finished: Create simulation model
Info: Starting: Create Modelsim Project.
Info: sim-script-gen --spd=C:\vhdl_projects\PLL_example\mypll\mypll.spd --output-directory=C:/vhdl_projects/PLL_example/mypll/simulation/ --use-relative-paths=true
Info: Doing: ip-make-simscript --spd=C:\vhdl_projects\PLL_example\mypll\mypll.spd --output-directory=C:/vhdl_projects/PLL_example/mypll/simulation/ --use-relative-paths=true
Info: Generating the following file(s) for MODELSIM simulator in C:/vhdl_projects/PLL_example/mypll/simulation/ directory:
Info: 	mentor/msim_setup.tcl
Info: Skipping VCS script generation since VHDL file $QUARTUS_INSTALL_DIR/eda/sim_lib/altera_syn_attributes.vhd is required for simulation
Info: Generating the following file(s) for VCSMX simulator in C:/vhdl_projects/PLL_example/mypll/simulation/ directory:
Info: 	synopsys/vcsmx/synopsys_sim.setup
Info: 	synopsys/vcsmx/vcsmx_setup.sh
Info: Generating the following file(s) for NCSIM simulator in C:/vhdl_projects/PLL_example/mypll/simulation/ directory:
Info: 	cadence/cds.lib
Info: 	cadence/hdl.var
Info: 	cadence/ncsim_setup.sh
Info: 	1 .cds.lib files in cadence/cds_libs/ directory
Info: Generating the following file(s) for RIVIERA simulator in C:/vhdl_projects/PLL_example/mypll/simulation/ directory:
Info: 	aldec/rivierapro_setup.tcl
Info: For information on how to simulate your IP, see the explanatory comments in the simulator-specific subdirectories under C:/vhdl_projects/PLL_example/mypll/simulation/.
Info: Regenerate these scripts whenever you make any change to any Quartus-generated IP in your project.
Info: Finished: Create Modelsim Project.
Info: Starting: Create block symbol file (.bsf)
Info: qsys-generate C:\vhdl_projects\PLL_example\mypll.qsys --block-symbol-file --output-directory=C:\vhdl_projects\PLL_example\mypll --family="Cyclone IV E" --part=EP4CE115F29C7
Progress: Loading PLL_example/mypll.qsys
Progress: Reading input file
Progress: Adding altclkctrl_0 [altclkctrl 20.1]
Progress: Parameterizing module altclkctrl_0
Progress: Building connections
Progress: Parameterizing connections
Progress: Validating
Progress: Done reading input file
: mypll.altclkctrl_0: Targeting device family: Cyclone IV E.
: mypll.altclkctrl_0: Global clock network allows a clock signal to reach all parts of the chip with the same amount of skew. Input port 'clkselect' can be used to switch between four clock inputs.
Info: qsys-generate succeeded.
Info: Finished: Create block symbol file (.bsf)
Info: 
Info: Starting: Create HDL design files for synthesis
Info: qsys-generate C:\vhdl_projects\PLL_example\mypll.qsys --synthesis=VHDL --greybox --output-directory=C:\vhdl_projects\PLL_example\mypll\synthesis --family="Cyclone IV E" --part=EP4CE115F29C7
Progress: Loading PLL_example/mypll.qsys
Progress: Reading input file
Progress: Adding altclkctrl_0 [altclkctrl 20.1]
Progress: Parameterizing module altclkctrl_0
Progress: Building connections
Progress: Parameterizing connections
Progress: Validating
Progress: Done reading input file
: mypll.altclkctrl_0: Targeting device family: Cyclone IV E.
: mypll.altclkctrl_0: Global clock network allows a clock signal to reach all parts of the chip with the same amount of skew. Input port 'clkselect' can be used to switch between four clock inputs.
Info: mypll: Generating mypll "mypll" for QUARTUS_SYNTH
Info: altclkctrl_0: Generating top-level entity mypll_altclkctrl_0.
Info: altclkctrl_0: "mypll" instantiated altclkctrl "altclkctrl_0"
Info: mypll: Done "mypll" with 2 modules, 2 files
Info: Generating third-party timing and resource estimation model ...
Info: Done generating third-party timing and resource estimation model.
Info: qsys-generate succeeded.
Info: Finished: Create HDL design files for synthesis
